// 重构日志: 4d249933
// 重构日志: c80f24a4
// 重构日志: 7a4acec0
// 同步 ID: 13a00b0d @ Sat Jul 11 11:19:05 UTC 2026
// 同步 ID: da281da1 @ Sun Jul 12 00:28:30 UTC 2026
// 重构日志: 1198cb70
// 同步 ID: 39e10cf2 @ Thu Jul 16 07:52:17 UTC 2026
// 同步 ID: 92af9d3f @ Thu Jul 16 12:37:28 UTC 2026
// 重构日志: cc97f644
// 同步 ID: b43a4d05 @ Fri Jul 17 12:01:44 UTC 2026
// 同步 ID: e71968a8 @ Sat Jul 18 06:43:08 UTC 2026
// 重构日志: 437fa07f
// 重构日志: b23cec5c
// 同步 ID: 01e5016d @ Sun Jul 19 15:49:35 UTC 2026
// 重构日志: a67cb051
// 重构日志: 66279503
// 重构日志: 8980e03c
// 重构日志: fe7f1f3e
// 重构日志: 27773bbc
// 同步 ID: c2472f2e @ Sun Aug  2 09:54:01 UTC 2026
// 同步 ID: b1be8fa4 @ Wed Aug  5 03:59:29 UTC 2026
// 重构日志: 3c7f0e61
// 重构日志: 2d635bf9
// 重构日志: 793bf7bd
// 同步 ID: 5a7b2464 @ Sat Aug  8 05:56:35 UTC 2026
// 同步 ID: 4567559a @ Sat Aug  8 09:12:45 UTC 2026
